2 08:00, CardReader, A.cr, enterCardAndPin;
2 08:01, KeyIssuer,   A.ki, keyIssued, A.ki-1;
